// Jest Snapshot v1, https://goo.gl/fbAQLP

exports[`commands  prints out the pods correctly 1`] = `
Array [
  "",
  "[1mpod name                                        starts  status  age             image name and tag                      [22m",
  "service1                                        [1m[36mna!     [39m[22m[1m[35mup      [39m[22ma day           [1m[35mmissing                                 [39m[22m",
  "service2                                        1       [1m[36mdown!   [39m[22m2 days          url1                                                                                            ",
  "service3                                        [1m[35m11      [39m[22m[1m[35mup      [39m[22m3 days          [1m[35mmissing                                 [39m[22m",
  "service4                                        [1m[36m111!    [39m[22m[1m[36mdown!   [39m[22m4 days          url2                                                                                            ",
  "
",
]
`;
