// Jest Snapshot v1, https://goo.gl/fbAQLP

exports[`commands pods prints out the pods correctly 1`] = `
IO {
  "choose": [MockFunction],
  "expect": [MockFunction],
  "out": [MockFunction] {
    "calls": Array [
      Array [
        "",
      ],
      Array [
        "[1mpod name                                image url                               starts  status  age     [22m",
      ],
      Array [
        "service1                                [1m[35mmissing                                 [39m[22m[1m[36mna!     [39m[22m[1m[35mup      [39m[22ma day   ",
      ],
      Array [
        "service2                                url1                                    1       [1m[36mdown!   [39m[22m2 days  ",
      ],
      Array [
        "service3                                [1m[35mmissing                                 [39m[22m[1m[35m11      [39m[22m[1m[35mup      [39m[22m3 days  ",
      ],
      Array [
        "service4                                url2                                    [1m[36m111!    [39m[22m[1m[36mdown!   [39m[22m4 days  ",
      ],
    ],
    "results": Array [
      Object {
        "isThrow": false,
        "value": undefined,
      },
      Object {
        "isThrow": false,
        "value": undefined,
      },
      Object {
        "isThrow": false,
        "value": undefined,
      },
      Object {
        "isThrow": false,
        "value": undefined,
      },
      Object {
        "isThrow": false,
        "value": undefined,
      },
      Object {
        "isThrow": false,
        "value": undefined,
      },
    ],
  },
  "stdin": ReadStream {
    "_events": Object {
      "end": [Function],
      "pause": [Function],
    },
    "_eventsCount": 2,
    "_hadError": false,
    "_handle": TTY {
      "onread": [Function],
      "reading": false,
      Symbol(owner): [Circular],
    },
    "_host": null,
    "_maxListeners": undefined,
    "_parent": null,
    "_pendingData": null,
    "_pendingEncoding": "",
    "_readableState": ReadableState {
      "awaitDrain": 0,
      "buffer": BufferList {
        "head": null,
        "length": 0,
        "tail": null,
      },
      "decoder": null,
      "defaultEncoding": "utf8",
      "destroyed": false,
      "emitClose": false,
      "emittedReadable": false,
      "encoding": null,
      "endEmitted": false,
      "ended": false,
      "flowing": null,
      "highWaterMark": 0,
      "length": 0,
      "needReadable": true,
      "objectMode": false,
      "pipes": null,
      "pipesCount": 0,
      "readableListening": false,
      "reading": false,
      "readingMore": false,
      "resumeScheduled": false,
      "sync": false,
    },
    "_server": null,
    "_sockname": null,
    "_writableState": WritableState {
      "bufferProcessing": false,
      "bufferedRequest": null,
      "bufferedRequestCount": 0,
      "corked": 0,
      "corkedRequestsFree": Object {
        "entry": null,
        "finish": [Function],
        "next": null,
      },
      "decodeStrings": false,
      "defaultEncoding": "utf8",
      "destroyed": false,
      "emitClose": false,
      "ended": false,
      "ending": false,
      "errorEmitted": false,
      "finalCalled": false,
      "finished": false,
      "highWaterMark": 0,
      "lastBufferedRequest": null,
      "length": 0,
      "needDrain": false,
      "objectMode": false,
      "onwrite": [Function],
      "pendingcb": 0,
      "prefinished": false,
      "sync": true,
      "writecb": null,
      "writelen": 0,
      "writing": false,
    },
    "allowHalfOpen": false,
    "connecting": false,
    "fd": 0,
    "isRaw": false,
    "isTTY": true,
    "readable": true,
    "server": null,
    "writable": false,
    Symbol(asyncId): 11,
    Symbol(lastWriteQueueSize): 0,
    Symbol(timeout): null,
    Symbol(kBytesRead): 0,
    Symbol(kBytesWritten): 0,
  },
  "stdout": WriteStream {
    "_destroy": [Function],
    "_events": Object {
      "end": [Function],
    },
    "_eventsCount": 1,
    "_hadError": false,
    "_handle": TTY {
      "onread": [Function],
      Symbol(owner): [Circular],
    },
    "_host": null,
    "_isStdio": true,
    "_maxListeners": undefined,
    "_parent": null,
    "_pendingData": null,
    "_pendingEncoding": "",
    "_readableState": ReadableState {
      "awaitDrain": 0,
      "buffer": BufferList {
        "head": null,
        "length": 0,
        "tail": null,
      },
      "decoder": null,
      "defaultEncoding": "utf8",
      "destroyed": false,
      "emitClose": false,
      "emittedReadable": false,
      "encoding": null,
      "endEmitted": false,
      "ended": false,
      "flowing": null,
      "highWaterMark": 16384,
      "length": 0,
      "needReadable": false,
      "objectMode": false,
      "pipes": null,
      "pipesCount": 0,
      "readableListening": false,
      "reading": false,
      "readingMore": false,
      "resumeScheduled": false,
      "sync": true,
    },
    "_server": null,
    "_sockname": null,
    "_type": "tty",
    "_writableState": WritableState {
      "bufferProcessing": false,
      "bufferedRequest": null,
      "bufferedRequestCount": 0,
      "corked": 0,
      "corkedRequestsFree": Object {
        "entry": null,
        "finish": [Function],
        "next": null,
      },
      "decodeStrings": false,
      "defaultEncoding": "utf8",
      "destroyed": false,
      "emitClose": false,
      "ended": false,
      "ending": false,
      "errorEmitted": false,
      "finalCalled": false,
      "finished": false,
      "highWaterMark": 16384,
      "lastBufferedRequest": null,
      "length": 0,
      "needDrain": false,
      "objectMode": false,
      "onwrite": [Function],
      "pendingcb": 0,
      "prefinished": false,
      "sync": true,
      "writecb": null,
      "writelen": 0,
      "writing": false,
    },
    "allowHalfOpen": false,
    "columns": 335,
    "connecting": false,
    "destroySoon": [Function],
    "fd": 1,
    "readable": false,
    "rows": 16,
    "server": null,
    "writable": true,
    Symbol(asyncId): 3,
    Symbol(lastWriteQueueSize): 0,
    Symbol(timeout): null,
    Symbol(kBytesRead): 0,
    Symbol(kBytesWritten): 0,
  },
}
`;
